\BOOKMARK [1][-]{section.1}{\376\377\137\025\212\000}{}% 1
\BOOKMARK [1][-]{section.2}{\376\377\166\370\121\163\135\345\117\134}{}% 2
\BOOKMARK [2][-]{subsection.2.1}{\376\377\147\054\117\123\157\024\123\026\116\016\147\054\117\123\117\356\131\015}{section.2}% 3
\BOOKMARK [2][-]{subsection.2.2}{\376\377\000R\000A\000G\000\040\116\016\213\301\143\156\220\011\142\351}{section.2}% 4
\BOOKMARK [2][-]{subsection.2.3}{\376\377\154\325\137\213\116\016\166\321\173\241\117\341\140\157\142\275\123\326}{section.2}% 5
\BOOKMARK [2][-]{subsection.2.4}{\376\377\131\047\152\041\127\213\217\205\122\251\147\054\117\123\135\345\172\013}{section.2}% 6
\BOOKMARK [2][-]{subsection.2.5}{\376\377\220\011\142\351\140\047\230\204\155\113\116\016\123\357\117\341\117\356\131\015}{section.2}% 7
\BOOKMARK [1][-]{section.3}{\376\377\225\356\230\230\133\232\116\111}{}% 8
\BOOKMARK [1][-]{section.4}{\376\377\145\271\154\325}{}% 9
\BOOKMARK [2][-]{subsection.4.1}{\376\377\140\073\117\123\150\106\147\266}{section.4}% 10
\BOOKMARK [2][-]{subsection.4.2}{\376\377\116\011\174\173\213\355\116\111\157\002\171\373}{section.4}% 11
\BOOKMARK [2][-]{subsection.4.3}{\376\377\120\031\220\011\226\224\171\273}{section.4}% 12
\BOOKMARK [2][-]{subsection.4.4}{\376\377\220\011\142\351\140\047\117\356\131\015\225\350\143\247}{section.4}% 13
\BOOKMARK [2][-]{subsection.4.5}{\376\377\000M\0001\0004\377\032\000G\000R\000E\000/\000C\000S\000S\000\040\000C\000l\000a\000u\000s\000e\000-\000l\000e\000v\000e\000l\000\040\000R\000e\000c\000o\000v\000e\000r\000y}{section.4}% 14
\BOOKMARK [2][-]{subsection.4.6}{\376\377\000M\0001\0005\377\032\000T\000e\000m\000p\000o\000r\000a\000l\000\040\000A\000n\000c\000h\000o\000r\000\040\000R\000e\000c\000o\000v\000e\000r\000y}{section.4}% 15
\BOOKMARK [2][-]{subsection.4.7}{\376\377\000M\0001\0006\377\032\000C\000a\000n\000d\000i\000d\000a\000t\000e\000\040\000E\000n\000t\000a\000i\000l\000m\000e\000n\000t\000\040\000V\000e\000r\000i\000f\000i\000e\000r}{section.4}% 16
\BOOKMARK [1][-]{section.5}{\376\377\000B\000e\000n\000c\000h\000m\000a\000r\000k\000\040\147\204\136\372}{}% 17
\BOOKMARK [2][-]{subsection.5.1}{\376\377\145\160\143\156\226\306\151\202\121\265}{section.5}% 18
\BOOKMARK [2][-]{subsection.5.2}{\376\377\121\273\176\323\116\016\131\015\150\070\123\117\213\256}{section.5}% 19
\BOOKMARK [2][-]{subsection.5.3}{\376\377\120\031\220\011\147\204\220\040\123\117\213\256}{section.5}% 20
\BOOKMARK [1][-]{section.6}{\376\377\133\236\232\214\213\276\177\156}{}% 21
\BOOKMARK [2][-]{subsection.6.1}{\376\377\153\324\217\203\145\271\154\325}{section.6}% 22
\BOOKMARK [2][-]{subsection.6.2}{\376\377\213\304\116\367\143\007\150\007\116\016\176\337\213\241\145\271\154\325}{section.6}% 23
\BOOKMARK [2][-]{subsection.6.3}{\376\377\133\236\163\260\176\306\202\202}{section.6}% 24
\BOOKMARK [1][-]{section.7}{\376\377\133\236\232\214\176\323\147\234}{}% 25
\BOOKMARK [2][-]{subsection.7.1}{\376\377\116\073\133\236\232\214\176\323\147\234}{section.7}% 26
\BOOKMARK [2][-]{subsection.7.2}{\376\377\155\210\207\215\133\236\232\214}{section.7}% 27
\BOOKMARK [2][-]{subsection.7.3}{\376\377\120\031\220\011\220\011\142\351\000\040\000B\000a\000s\000e\000l\000i\000n\000e}{section.7}% 28
\BOOKMARK [2][-]{subsection.7.4}{\376\377\176\337\213\241\146\076\204\127\140\047\116\016\177\156\117\341\123\072\225\364}{section.7}% 29
\BOOKMARK [2][-]{subsection.7.5}{\376\377\220\011\142\351\140\047\117\356\131\015\143\007\150\007}{section.7}% 30
\BOOKMARK [2][-]{subsection.7.6}{\376\377\234\201\150\322\140\047\133\236\232\214}{section.7}% 31
\BOOKMARK [2][-]{subsection.7.7}{\376\377\154\333\123\026\133\236\232\214}{section.7}% 32
\BOOKMARK [2][-]{subsection.7.8}{\376\377\152\041\127\213\124\016\172\357\133\371\153\324}{section.7}% 33
\BOOKMARK [2][-]{subsection.7.9}{\376\377\131\061\215\045\150\110\117\213\122\006\147\220}{section.7}% 34
\BOOKMARK [1][-]{section.8}{\376\377\213\250\213\272}{}% 35
\BOOKMARK [1][-]{section.9}{\376\377\147\011\145\110\140\047\132\001\200\301}{}% 36
\BOOKMARK [1][-]{section.10}{\376\377\176\323\213\272}{}% 37
